
======================================================================
  TALENT SCOUT AGENT - TEST SUITE
======================================================================

Starting comprehensive tests...


======================================================================
  TESTING IMPORTS
======================================================================

[1] Testing Ollama...
   ✅ Ollama imported
[2] Testing ChromaDB...
   ✅ ChromaDB imported
[3] Testing Streamlit...
   ✅ Streamlit imported
[4] Testing Pandas...
   ✅ Pandas imported
[5] Testing agent modules...
   ✅ All agent modules imported

======================================================================
  TESTING OLLAMA CONNECTION
======================================================================

[1] Testing Ollama connection...
   ✅ Ollama connection successful
[2] Checking required models...
   ✅ gemma2:2b available
   ✅ nomic-embed-text available

======================================================================
  TESTING DATA FILES
======================================================================

[1] Checking candidates.json...
   ✅ Found 10 candidates
[2] Checking sample_jd.txt...
   ✅ Sample JD loaded (1785 chars)

======================================================================
  TESTING JD PARSING
======================================================================

[1] Parsing sample JD...
   ✅ Parsed successfully
   Role: Senior Full Stack Engineer
   Required Skills: Python, REST APIs, event-driven architecture...
   Min Experience: 6 years
   Seniority: senior
   Domain: fintech

======================================================================
  TESTING EMBEDDINGS
======================================================================

[1] Creating test embedding...
   ✅ Embedding created
   Dimension: 768
   First 5 values: [-1.5005648136138916, 1.1119405031204224, -3.595975875854492, -1.1908248662948608, 1.5460550785064697]

======================================================================
  TESTING CANDIDATE MATCHING
======================================================================

[1] Indexing candidates...
   ✅ Indexed 10 candidates
[2] Searching for matches...
   ✅ Found 3 top matches
      1. Alice Chen (Senior Full Stack Engineer)
      2. Henry Wong (Mid-Level Backend Engineer)
      3. Bob Rodriguez (Backend Engineer)
[3] Scoring matches...
   ✅ Match score for Alice Chen: 39.1/100

======================================================================
  TESTING CONVERSATION SIMULATION
======================================================================

[1] Simulating conversation with Alice Chen...
   ✅ Conversation simulated (1 messages)

   Sample conversation:
      👨‍💼 RECRUITER: Hi [Candidate Name], I'm reaching out regarding the Senior Full Stack Engineer role at [Company Name...

======================================================================
  TESTING INTEREST SCORING
======================================================================

[1] Scoring candidate interest...
   ✅ Interest scored successfully
   Interest Score: 70/100
   Availability: immediately
   Key Signals: great deal of experience

======================================================================
  RUNNING FULL PIPELINE TEST
======================================================================

[1] Loading candidates...
   ✅ Loaded 10 candidates
[2] Loading sample JD...
   ✅ Loaded JD (1785 chars)
[3] Running full pipeline (this may take 30-60 seconds)...
Indexing 10 candidates...
Candidate index ready!

Parsing Job Description...
Role: Senior Full Stack Engineer
   Required Skills: Python, REST APIs, event-driven architecture, React, PostgreSQL, Redis, AWS, Docker, Kubernetes, High-performance, reliable systems
   Seniority: senior

Finding top 3 candidates...
Found 3 candidates

Scoring candidate matches...
  Alice Chen: 42.6/100
  Henry Wong: 29.1/100
  Bob Rodriguez: 24.5/100

Simulating recruiter conversations...

  Engaging with Alice Chen...
    Interest Score: 70/100
    Availability: not interested

  Engaging with Henry Wong...
    Interest Score: 70/100
    Availability: not interested

  Engaging with Bob Rodriguez...
    Interest Score: 75/100
    Availability: immediately
   ✅ Pipeline completed in 139.8 seconds
   Candidates processed: 3

   Top ranked candidates:
      1. Alice Chen: 53.6/100
      2. Henry Wong: 45.5/100
      3. Bob Rodriguez: 44.7/100

======================================================================
  TEST SUMMARY
======================================================================

  ✅ PASS  Imports
  ✅ PASS  Ollama Connection
  ✅ PASS  Data Files
  ✅ PASS  JD Parsing
  ✅ PASS  Embeddings
  ✅ PASS  Candidate Matching
  ✅ PASS  Conversation Simulation
  ✅ PASS  Interest Scoring
  ✅ PASS  Full Pipeline

  Total: 9/9 tests passed

  🎉 All tests passed! System is ready to use.

  Next steps:
    1. Run: streamlit run app.py
    2. Open: http://localhost:8501
    3. Upload a job description
